// Jest Snapshot v1, https://goo.gl/fbAQLP

exports[`should render Container correctly with HOC 1`] = `
<Styled(ProgressiveImage)
  blur={0.5}
  opacity={1}
  src="src"
  transition="blur 0.3 linear"
/>
`;
