// Jest Snapshot v1, https://goo.gl/fbAQLP

exports[`should renders <SectionRow> correctly 1`] = `
.c2 {
  display: -webkit-box;
  display: -webkit-flex;
  display: -ms-flexbox;
  display: flex;
  -webkit-flex-direction: row;
  -ms-flex-direction: row;
  flex-direction: row;
  -webkit-flex-wrap: wrap;
  -ms-flex-wrap: wrap;
  flex-wrap: wrap;
}

.c1 {
  margin: 0 auto;
  max-width: 100%;
  width: 960px;
}

.c0 {
  padding: 60px 0;
  background-color: #FFFFFF;
}

<SectionRow>
  <styled.div>
    <div
      className="c0"
    >
      <Styled(PageContainer)
        width="960px"
      >
        <PageContainer
          className="c1"
          width="960px"
        >
          <div
            className="c1"
            width="960px"
          >
            <Styled(RowContainer)>
              <RowContainer
                className="c2"
                divisions={12}
              >
                <section
                  className="c2"
                >
                  children
                </section>
              </RowContainer>
            </Styled(RowContainer)>
          </div>
        </PageContainer>
      </Styled(PageContainer)>
    </div>
  </styled.div>
</SectionRow>
`;
