exports[`test should render components correctly 1`] = `
<div>
  <Styled(Small)>
    <Small
      className="sc-bwzfXH wIntD" />
  </Styled(Small)>
</div>
`;
