// Jest Snapshot v1, https://goo.gl/fbAQLP

exports[`should renders <WebSocketNotification> correctly 1`] = `
<styled.div>
  <Styled(MobileContentWrapper)>
    <Transition
      appear={
        Object {
          "opacity": 0.5,
          "translateY": -40,
        }
      }
      component={false}
      enter={
        Object {
          "opacity": 1,
          "translateY": 0,
        }
      }
      leave={
        Object {
          "opacity": 0,
        }
      }
      onEnter={[Function]}
      onLeave={[Function]}
      runOnMount={true}
    >
      <Notification>
        <P>
          info
        </P>
        <Button
          active={false}
          block={false}
          component="button"
          kind="primary"
          onClick={[Function]}
          round={false}
          size="normal"
          square={false}
        >
          reconnect
        </Button>
      </Notification>
    </Transition>
  </Styled(MobileContentWrapper)>
</styled.div>
`;
