// Jest Snapshot v1, https://goo.gl/fbAQLP

exports[`should render Container correctly with HOC 1`] = `<Connect(InjectIntl(withPropsOnChange(Data))) />`;

exports[`should return props correctly with mapDispatchToProps 1`] = `
Object {
  "deleteData": [Function],
}
`;
