// Jest Snapshot v1, https://goo.gl/fbAQLP

exports[`should return LOCALES 1`] = `
Array [
  Object {
    "children": "English",
    "id": "en",
  },
  Object {
    "children": "繁體中文",
    "id": "zh-TW",
  },
  Object {
    "children": "简体中文",
    "id": "zh-CN",
  },
]
`;
