exports[`test should render Container correctly with HOC 1`] = `<Connect(InjectIntl(withPropsOnChange(Password))) />`;

exports[`test should return props correctly with mapDispatchToProps 1`] = `
Object {
  "changePassword": [Function],
}
`;
