// Jest Snapshot v1, https://goo.gl/fbAQLP

exports[`should return Constants correctly 1`] = `
Object {
  "BASENAME": "/admin",
  "DEFAULT_LOCALE": "zh-TW",
  "ROOT_ID": "root",
}
`;
