exports[`test should return messages 1`] = `
Object {
  "DeviceList.myTestDevices": Object {
    "defaultMessage": "我的測試裝置",
    "description": "Title",
    "id": "DeviceList.myTestDevices",
  },
  "DeviceList.noDevice": Object {
    "defaultMessage": "目前還沒有任何測試裝置",
    "id": "DeviceList.noDevice",
  },
  "DeviceList.search": Object {
    "defaultMessage": "搜尋",
    "id": "DeviceList.search",
  },
}
`;
