exports[`test should override pathname 1`] = `
Object {
  "pathname": "/account",
  "query": Object {
    "locale": "zh-TW",
  },
}
`;
