// Jest Snapshot v1, https://goo.gl/fbAQLP

exports[`should render components correctly 1`] = `
Array [
  <div>
    <Styled(Button)>
        <Button
            active={false}
            block={false}
            className="sc-htpNat iJpthS"
            component="button"
            disabled={false}
            kind="primary"
            round={false}
            size="normal"
            square={false}
        >
            <BaseComponent
                active={false}
                block={false}
                className="sc-htpNat iJpthS sc-bdVaJa kDgzfK"
                component="button"
                disabled={false}
                kind="primary"
                round={false}
                size="normal"
                square={false}
            >
                <button
                    className="sc-htpNat iJpthS sc-bdVaJa kDgzfK"
                />
            </BaseComponent>
        </Button>
    </Styled(Button)>
    <styled.div>
        <div
            className="sc-bxivhb enlRff"
        />
    </styled.div>
    <Styled(mockConstructor)>
        <mockConstructor
            className="sc-EHOje kYsIWP"
            preserveScrollPosition={false}
        />
    </Styled(mockConstructor)>
</div>,
  <div
    className="sc-bxivhb enlRff"
/>,
]
`;
