// Jest Snapshot v1, https://goo.gl/fbAQLP

exports[`should render components correctly 1`] = `
Array [
  .c0 {
  height: 100%;
}

.c1 {
  position: fixed;
  bottom: 56px;
  width: 100%;
}

.c2 {
  padding: 16px;
}

.c2 > * {
  margin-top: 8px;
}

<div>
    <styled.div>
        <div
            className="c0"
        />
    </styled.div>
    <styled.div>
        <div
            className="c1"
        />
    </styled.div>
    <Styled(MobileContentWrapper)>
        <MobileContentWrapper
            className="c2"
        />
    </Styled(MobileContentWrapper)>
</div>,
  .c0 {
  height: 100%;
}

<div
    className="c0"
/>,
  .c0 {
  position: fixed;
  bottom: 56px;
  width: 100%;
}

<div
    className="c0"
/>,
]
`;
