// Jest Snapshot v1, https://goo.gl/fbAQLP

exports[`should return messages 1`] = `
Object {
  "DeviceTrigger.off": Object {
    "defaultMessage": "OFF",
    "id": "DeviceTrigger.off",
  },
  "DeviceTrigger.on": Object {
    "defaultMessage": "ON",
    "id": "DeviceTrigger.on",
  },
  "DeviceTrigger.triggerAndAction": Object {
    "defaultMessage": "觸發條件與動作",
    "description": "Title",
    "id": "DeviceTrigger.triggerAndAction",
  },
}
`;
