// Jest Snapshot v1, https://goo.gl/fbAQLP

exports[`should work with mcs-lite-icon 1`] = `
"'use strict';

var _Icon2 = require('mcs-lite-icon/lib/Icon');

var _Icon3 = _interopRequireDefault(_Icon2);

function _interopRequireDefault(obj) { return obj && obj.__esModule ? obj : { default: obj }; }

console.log(_Icon3.default);"
`;

exports[`should work with mcs-lite-icon/lib 1`] = `
"'use strict';

var _Icon = require('mcs-lite-icon/lib/Icon');

var _Icon2 = _interopRequireDefault(_Icon);

function _interopRequireDefault(obj) { return obj && obj.__esModule ? obj : { default: obj }; }

console.log(_Icon2.default);"
`;
