// Jest Snapshot v1, https://goo.gl/fbAQLP

exports[`should renders <StyledLink> correctly 1`] = `
.c0 {
  display: block;
  text-decoration: none;
  cursor: pointer;
  color: currentColor;
}

<Link
  className="c0"
  onlyActiveOnIndex={false}
  style={Object {}}
/>
`;
